FILE_TYPE=LIBRARY_PARTS;
PRIMITIVE 'SRP2313AA_101M','SRP2313AA_101M_Inductors Precision Moulded';
  PIN
    '1':
      PIN_NUMBER='(1)';
      NO_LOAD_CHECK=BOTH;
      NO_IO_CHECK=BOTH;
      ALLOW_CONNECT=TRUE;
      PINUSE='UNSPEC';
    '2':
      PIN_NUMBER='(2)';
      NO_LOAD_CHECK=BOTH;
      NO_IO_CHECK=BOTH;
      ALLOW_CONNECT=TRUE;
      PINUSE='UNSPEC';
  END_PIN;
  BODY
    PART_NAME='SRP2313AA_101M';
    PHYS_DES_PREFIX='L';
    NO_LOAD_CHECK='TRUE';
    PIN_COUNT='2';
    BODY_NAME='SRP2313AA_101M';
    JEDEC_TYPE='INDPM235220X1300N';
  END_BODY;
END_PRIMITIVE;
END.
